To honour the JVM settings for this build a single-use Daemon process will be forked. For more on this, please refer to https://docs.gradle.org/8.5/userguide/gradle_daemon.html#sec:disabling_the_daemon in the Gradle documentation.
Daemon will be stopped at the end of the build 
> Task :compileJava UP-TO-DATE
> Task :processResources UP-TO-DATE
> Task :classes UP-TO-DATE
> Task :resolveMainClassName UP-TO-DATE

> Task :bootRun
Standard Commons Logging discovery in action with spring-jcl: please remove commons-logging.jar from classpath in order to avoid potential conflicts

  .   ____          _            __ _ _
 /\\ / ___'_ __ _ _(_)_ __  __ _ \ \ \ \
( ( )\___ | '_ | '_| | '_ \/ _` | \ \ \ \
 \\/  ___)| |_)| | | | | || (_| |  ) ) ) )
  '  |____| .__|_| |_|_| |_\__, | / / / /
 =========|_|==============|___/=/_/_/_/
 :: Spring Boot ::                (v3.2.4)

2026-03-19T13:34:59.344-05:00  INFO 34592 --- [FantasyBaseballDraftAssistant] [           main] FantasyBaseballDraftAssistantApplication : Starting FantasyBaseballDraftAssistantApplication using Java 17.0.2 with PID 34592 (C:\Users\jklecker\Docs\Dev\FantasyBaseballDraftAssistant\build\classes\java\main started by jklecker in C:\Users\jklecker\Docs\Dev\FantasyBaseballDraftAssistant)
2026-03-19T13:34:59.350-05:00  INFO 34592 --- [FantasyBaseballDraftAssistant] [           main] FantasyBaseballDraftAssistantApplication : No active profile set, falling back to 1 default profile: "default"
2026-03-19T13:35:01.297-05:00  INFO 34592 --- [FantasyBaseballDraftAssistant] [           main] o.s.b.w.embedded.tomcat.TomcatWebServer  : Tomcat initialized with port 8080 (http)
2026-03-19T13:35:01.324-05:00  INFO 34592 --- [FantasyBaseballDraftAssistant] [           main] o.apache.catalina.core.StandardService   : Starting service [Tomcat]
2026-03-19T13:35:01.325-05:00  INFO 34592 --- [FantasyBaseballDraftAssistant] [           main] o.apache.catalina.core.StandardEngine    : Starting Servlet engine: [Apache Tomcat/10.1.19]
2026-03-19T13:35:01.469-05:00  INFO 34592 --- [FantasyBaseballDraftAssistant] [           main] o.a.c.c.C.[Tomcat].[localhost].[/]       : Initializing Spring embedded WebApplicationContext
2026-03-19T13:35:01.470-05:00  INFO 34592 --- [FantasyBaseballDraftAssistant] [           main] w.s.c.ServletWebServerApplicationContext : Root WebApplicationContext: initialization completed in 2023 ms
Standard Commons Logging discovery in action with spring-jcl: please remove commons-logging.jar from classpath in order to avoid potential conflicts
Loaded scoring config with preset: h2h_categories
2026-03-19T13:35:01.703-05:00  INFO 34592 --- [FantasyBaseballDraftAssistant] [           main] c.e.f.service.PlayerPoolService          : Fetching player pool from MLB Stats API (season 2025)…
2026-03-19T13:35:02.644-05:00  INFO 34592 --- [FantasyBaseballDraftAssistant] [           main] c.e.f.service.PlayerPoolService          : Loaded 197 players from MLB Stats API
2026-03-19T13:35:03.131-05:00  INFO 34592 --- [FantasyBaseballDraftAssistant] [           main] o.s.b.w.embedded.tomcat.TomcatWebServer  : Tomcat started on port 8080 (http) with context path ''
2026-03-19T13:35:03.148-05:00  INFO 34592 --- [FantasyBaseballDraftAssistant] [           main] FantasyBaseballDraftAssistantApplication : Started FantasyBaseballDraftAssistantApplication in 4.791 seconds (process running for 6.162)
2026-03-19T13:35:17.275-05:00  INFO 34592 --- [FantasyBaseballDraftAssistant] [nio-8080-exec-1] o.a.c.c.C.[Tomcat].[localhost].[/]       : Initializing Spring DispatcherServlet 'dispatcherServlet'
2026-03-19T13:35:17.275-05:00  INFO 34592 --- [FantasyBaseballDraftAssistant] [nio-8080-exec-1] o.s.web.servlet.DispatcherServlet        : Initializing Servlet 'dispatcherServlet'
2026-03-19T13:35:17.277-05:00  INFO 34592 --- [FantasyBaseballDraftAssistant] [nio-8080-exec-1] o.s.web.servlet.DispatcherServlet        : Completed initialization in 2 ms

> Task :bootRun FAILED

FAILURE: Build failed with an exception.

* What went wrong:
Execution failed for task ':bootRun'.
> Process 'command 'C:\Users\jklecker\Java\jdk-17.0.2\bin\java.exe'' finished with non-zero exit value -1

* Try:
> Run with --stacktrace option to get the stack trace.
> Run with --info or --debug option to get more log output.
> Run with --scan to get full insights.
> Get more help at https://help.gradle.org.

BUILD FAILED in 1m 27s
4 actionable tasks: 1 executed, 3 up-to-date
